---
source: tui/src/app/tests/fresh_sparkle_tests.rs
expression: "snapshots.join(\"\\n\\n\")"
---
default no-op:
› Describe a task


default changes model:
                            ⠈     ⢀     ⠁                 ⠂
›⠁Describe a task ⠄                ⠈      ⠁
       ⢀            ⠠     ⠄         ⠠          ⢀    ⠠     ⡀
